**********************
Windows PowerShell transcript start
Start time: 20250324201719
Username: INCOFORGETECH\Ratandeep.Ravi
RunAs User: INCOFORGETECH\Ratandeep.Ravi
Configuration Name: 
Machine: LP-BCT-0X117454 (Microsoft Windows NT 10.0.22631.0)
Host Application: C:\Windows\System32\WindowsPowerShell\v1.0\powershell.exe
Process ID: 18084
PSVersion: 5.1.22621.4391
PSEdition: Desktop
PSCompatibleVersions: 1.0, 2.0, 3.0, 4.0, 5.0, 5.1.22621.4391
BuildVersion: 10.0.22621.4391
CLRVersion: 4.0.30319.42000
WSManStackVersion: 3.0
PSRemotingProtocolVersion: 2.3
SerializationVersion: 1.1.0.1
**********************
Transcript started, output file is ratan.txt
PS C:\Users\Ratandeep.Ravi> New-Item -Path 'D:\OneDrive - Coforge Limited\'-Name ‘QA-Training’ -ItemType Directory


    Directory: D:\OneDrive - Coforge Limited


Mode                 LastWriteTime         Length Name
----                 -------------         ------ ----
d-----        24-03-2025     20:22                QA-Training


PS C:\Users\Ratandeep.Ravi> New-Item -Path 'D:\OneDrive - Coforge Limited\' -Name ‘QA-Training’ -ItemType Directory
New-Item : An item with the specified name D:\OneDrive - Coforge Limited\QA-Training already exists.
At line:1 char:1
+ New-Item -Path 'D:\OneDrive - Coforge Limited\' -Name ‘QA-Training’ - ...
+ ~~~~~~~~~~~~~~~~~~~~~~~~~~~~~~~~~~~~~~~~~~~~~~~~~~~~~~~~~~~~~~~~~~~~~
    + CategoryInfo          : ResourceExists: (D:\OneDrive - C...ted\QA-Training:String) [New-Item], IOException
    + FullyQualifiedErrorId : DirectoryExist,Microsoft.PowerShell.Commands.NewItemCommand
New-Item : An item with the specified name D:\OneDrive - Coforge Limited\QA-Training already exists.
At line:1 char:1
+ New-Item -Path 'D:\OneDrive - Coforge Limited\' -Name ‘QA-Training’ - ...
+ ~~~~~~~~~~~~~~~~~~~~~~~~~~~~~~~~~~~~~~~~~~~~~~~~~~~~~~~~~~~~~~~~~~~~~
    + CategoryInfo          : ResourceExists: (D:\OneDrive - C...ted\QA-Training:String) [New-Item], IOException
    + FullyQualifiedErrorId : DirectoryExist,Microsoft.PowerShell.Commands.NewItemCommand

PS C:\Users\Ratandeep.Ravi> Set-Location 'D:\OneDrive - Coforge Limited\'\QA-Training
>> TerminatingError(Set-Location): "A positional parameter cannot be found that accepts argument '\QA-Training'."
Set-Location : A positional parameter cannot be found that accepts argument '\QA-Training'.
At line:1 char:1
+ Set-Location 'D:\OneDrive - Coforge Limited\'\QA-Training
+ ~~~~~~~~~~~~~~~~~~~~~~~~~~~~~~~~~~~~~~~~~~~~~~~~~~~~~~~~~
    + CategoryInfo          : InvalidArgument: (:) [Set-Location], ParameterBindingException
    + FullyQualifiedErrorId : PositionalParameterNotFound,Microsoft.PowerShell.Commands.SetLocationCommand
Set-Location : A positional parameter cannot be found that accepts argument '\QA-Training'.
At line:1 char:1
+ Set-Location 'D:\OneDrive - Coforge Limited\'\QA-Training
+ ~~~~~~~~~~~~~~~~~~~~~~~~~~~~~~~~~~~~~~~~~~~~~~~~~~~~~~~~~
    + CategoryInfo          : InvalidArgument: (:) [Set-Location], ParameterBindingException
    + FullyQualifiedErrorId : PositionalParameterNotFound,Microsoft.PowerShell.Commands.SetLocationCommand

PS C:\Users\Ratandeep.Ravi> Set-Location 'D:\OneDrive - Coforge Limited\' QA-Training
>> TerminatingError(Set-Location): "A positional parameter cannot be found that accepts argument 'QA-Training'."
Set-Location : A positional parameter cannot be found that accepts argument 'QA-Training'.
At line:1 char:1
+ Set-Location 'D:\OneDrive - Coforge Limited\' QA-Training
+ ~~~~~~~~~~~~~~~~~~~~~~~~~~~~~~~~~~~~~~~~~~~~~~~~~~~~~~~~~
    + CategoryInfo          : InvalidArgument: (:) [Set-Location], ParameterBindingException
    + FullyQualifiedErrorId : PositionalParameterNotFound,Microsoft.PowerShell.Commands.SetLocationCommand
Set-Location : A positional parameter cannot be found that accepts argument 'QA-Training'.
At line:1 char:1
+ Set-Location 'D:\OneDrive - Coforge Limited\' QA-Training
+ ~~~~~~~~~~~~~~~~~~~~~~~~~~~~~~~~~~~~~~~~~~~~~~~~~~~~~~~~~
    + CategoryInfo          : InvalidArgument: (:) [Set-Location], ParameterBindingException
    + FullyQualifiedErrorId : PositionalParameterNotFound,Microsoft.PowerShell.Commands.SetLocationCommand

PS C:\Users\Ratandeep.Ravi> Set-Location 'D:\OneDrive - Coforge Limited\' \QA-Training
>> TerminatingError(Set-Location): "A positional parameter cannot be found that accepts argument '\QA-Training'."
Set-Location : A positional parameter cannot be found that accepts argument '\QA-Training'.
At line:1 char:1
+ Set-Location 'D:\OneDrive - Coforge Limited\' \QA-Training
+ ~~~~~~~~~~~~~~~~~~~~~~~~~~~~~~~~~~~~~~~~~~~~~~~~~~~~~~~~~~
    + CategoryInfo          : InvalidArgument: (:) [Set-Location], ParameterBindingException
    + FullyQualifiedErrorId : PositionalParameterNotFound,Microsoft.PowerShell.Commands.SetLocationCommand
Set-Location : A positional parameter cannot be found that accepts argument '\QA-Training'.
At line:1 char:1
+ Set-Location 'D:\OneDrive - Coforge Limited\' \QA-Training
+ ~~~~~~~~~~~~~~~~~~~~~~~~~~~~~~~~~~~~~~~~~~~~~~~~~~~~~~~~~~
    + CategoryInfo          : InvalidArgument: (:) [Set-Location], ParameterBindingException
    + FullyQualifiedErrorId : PositionalParameterNotFound,Microsoft.PowerShell.Commands.SetLocationCommand

PS C:\Users\Ratandeep.Ravi> Set-Location 'D:\OneDrive - Coforge Limited\QA-Training\'
PS D:\OneDrive - Coforge Limited\QA-Training> git --version

PS D:\OneDrive - Coforge Limited\QA-Training> git clone https://github.com/sureshnanjan/playwright-training-0325.git

PS D:\OneDrive - Coforge Limited\QA-Training> Set-Location playwright-training-0325
PS D:\OneDrive - Coforge Limited\QA-Training\playwright-training-0325> git status

PS D:\OneDrive - Coforge Limited\QA-Training\playwright-training-0325> git checkout -b 'ratan'-branch

PS D:\OneDrive - Coforge Limited\QA-Training\playwright-training-0325> git checkout -b ratan

PS D:\OneDrive - Coforge Limited\QA-Training\playwright-training-0325> git status

PS D:\OneDrive - Coforge Limited\QA-Training\playwright-training-0325> Stop-Transcript
**********************
Windows PowerShell transcript end
End time: 20250324204515
**********************
